// Vitest Snapshot v1, https://vitest.dev/guide/snapshot.html

exports[`scope 1`] = `
"/* layer: default */
.foo-scope .flex{display:flex;}
.foo-scope .\\!p-5px{padding:5px !important;}
.foo-scope .hover\\:\\!p-10:hover{padding:2.5rem !important;}
.foo-scope .hover\\:p-4:hover{padding:1rem;}
.foo-scope .\\!hover\\:px-10:hover{padding-left:2.5rem !important;padding-right:2.5rem !important;}
.foo-scope .pl-10px{padding-left:10px;}
.dark .foo-scope .dark\\:text-xl{font-size:1.25rem;line-height:1.75rem;}
.dark .foo-scope .dark\\:hover\\:text-xl:hover{font-size:1.25rem;line-height:1.75rem;}
.variant .foo-scope .scope-\\[\\.variant\\]\\:c-red{--un-text-opacity:1;color:rgb(248 113 113 / var(--un-text-opacity));}
.foo-scope .sm\\:text-red-100{@media (min-width: 640px){
--un-text-opacity:1;color:rgb(254 226 226 / var(--un-text-opacity));
}}
.foo-scope .sm\\:text-red-200\\/10{@media (min-width: 640px){
color:rgb(254 202 202 / 0.1);
}}
.foo-scope .md\\:\\!hidden{@media (min-width: 768px){
display:none !important;
}}"
`;
