// Vitest Snapshot v1, https://vitest.dev/guide/snapshot.html

exports[`attributify > merge attribute name and value-only 1`] = `
"/* layer: default */
[bg~="\\[\\&\\:nth-child\\(3\\)\\]\\:\\[\\#123456\\]"]:nth-child(3){--un-bg-opacity:1;background-color:rgb(18 52 86 / var(--un-bg-opacity));}
[bg~="\\[\\&\\.foo\\]\\:\\[\\&\\:nth-child\\(3\\)\\]\\:\\[\\#123\\]"].foo:nth-child(3){--un-bg-opacity:1;background-color:rgb(17 34 51 / var(--un-bg-opacity));}"
`;

exports[`attributify > prefixedOnly 1`] = `
"/* layer: default */
.absolute{position:absolute;}
.fixed{position:fixed;}
[un-children~="m-auto"]>*{margin:auto;}"
`;

exports[`attributify > support inline arrow functions 1`] = `
"/* layer: default */
.h-1px,
[h-1px=""]{height:1px;}"
`;

exports[`attributify > support inline arrow functions 2`] = `
"/* layer: default */
.h-1px,
[h-1px=""]{height:1px;}"
`;

exports[`attributify > support inline arrow functions 3`] = `
"/* layer: default */
.h-1px,
[h-1px=""]{height:1px;}"
`;

exports[`attributify > variant 1`] = `
[
  "uno-layer-base-c-white/10",
  "hover:uno-layer-base-c-black/20",
  "sm-[color:red]",
  "md-[--var:var(--another)]",
  "lg-bg-blue-600",
  undefined,
  undefined,
  "important-text-red",
  "important-bg-red",
  "bg-blue-400",
  "hover:bg-blue-500",
  "dark:!bg-blue-500",
  "dark:hover:bg-blue-600",
  "text-sm",
  "text-white",
  "!leading-4",
  "!flex",
  "flex-col",
  "flex-items-center",
  "flex-justify-center",
  "p-t-2",
  "pt-2",
  "border-rounded-xl",
  "border-x-1",
  "border-x-style-dashed",
  "font-mono",
  "font-sans",
  "p-y-2",
  "p-x-4",
  "border-2",
  "border-rounded",
  "border-blue-200",
  "children-m-auto",
  "x-transition:enter-start-opacity-0",
  "pt2",
  "rounded-sm",
  "size-w-1",
  "size-h-0.5",
  "inline-block",
  "transform",
  "translate-x-100%",
  "translate-y-",
  "%",
  "rotate-30",
  "after-content-[quoted:uno_css]",
  "rotate-60",
  "ma",
  "m-\\",
  "m-1",
  "m-2",
  "m-3",
  "ml-1.5",
  "ml-1..6",
]
`;

exports[`attributify > with trueToNonValued 1`] = `
"/* layer: default */
[grid~="\\~"]{display:grid;}
.cols-2,
[grid~="cols-2"]{grid-template-columns:repeat(2,minmax(0,1fr));}
[flex~="true"]{display:flex;}"
`;
