// Vitest Snapshot v1, https://vitest.dev/guide/snapshot.html

exports[`fontsource provider > custom variable 1`] = `
"/* layer: fonts */
/* dm-sans-latin-wght-normal */
@font-face {
  font-family: 'DM Sans';
  font-style: italic;
  font-display: swap;
  font-weight: 200 800;
  src: url(https://cdn.jsdelivr.net/fontsource/fonts/dm-sans:vf@latest/latin-wght-italic.woff2) format('woff2-variations');
  unicode-range: U+0000-00FF,U+0131,U+0152-0153,U+02BB-02BC,U+02C6,U+02DA,U+02DC,U+0304,U+0308,U+0329,U+2000-206F,U+2074,U+20AC,U+2122,U+2191,U+2193,U+2212,U+2215,U+FEFF,U+FFFD;
}

/* dm-sans-latin-ext-wght-normal */
@font-face {
  font-family: 'DM Sans';
  font-style: italic;
  font-display: swap;
  font-weight: 200 800;
  src: url(https://cdn.jsdelivr.net/fontsource/fonts/dm-sans:vf@latest/latin-ext-wght-italic.woff2) format('woff2-variations');
  unicode-range: U+0100-02AF,U+0304,U+0308,U+0329,U+1E00-1E9F,U+1EF2-1EFF,U+2020,U+20A0-20AB,U+20AD-20C0,U+2113,U+2C60-2C7F,U+A720-A7FF;
}
/* layer: default */
.font-dm{font-family:"Dm Sans";}"
`;

exports[`fontsource provider > custom wght 1`] = `
"/* layer: fonts */
/* fira-mono-cyrillic-400-normal */
@font-face {
  font-family: 'Fira Mono';
  font-style: normal;
  font-display: swap;
  font-weight: 400;
  src: url(https://cdn.jsdelivr.net/fontsource/fonts/fira-mono@latest/cyrillic-400-normal.woff2) format('woff2');
  unicode-range: U+0301,U+0400-045F,U+0490-0491,U+04B0-04B1,U+2116;
}

/* fira-mono-cyrillic-700-normal */
@font-face {
  font-family: 'Fira Mono';
  font-style: normal;
  font-display: swap;
  font-weight: 700;
  src: url(https://cdn.jsdelivr.net/fontsource/fonts/fira-mono@latest/cyrillic-700-normal.woff2) format('woff2');
  unicode-range: U+0301,U+0400-045F,U+0490-0491,U+04B0-04B1,U+2116;
}

/* fira-mono-cyrillic-ext-400-normal */
@font-face {
  font-family: 'Fira Mono';
  font-style: normal;
  font-display: swap;
  font-weight: 400;
  src: url(https://cdn.jsdelivr.net/fontsource/fonts/fira-mono@latest/cyrillic-ext-400-normal.woff2) format('woff2');
  unicode-range: U+0460-052F,U+1C80-1C88,U+20B4,U+2DE0-2DFF,U+A640-A69F,U+FE2E-FE2F;
}

/* fira-mono-cyrillic-ext-700-normal */
@font-face {
  font-family: 'Fira Mono';
  font-style: normal;
  font-display: swap;
  font-weight: 700;
  src: url(https://cdn.jsdelivr.net/fontsource/fonts/fira-mono@latest/cyrillic-ext-700-normal.woff2) format('woff2');
  unicode-range: U+0460-052F,U+1C80-1C88,U+20B4,U+2DE0-2DFF,U+A640-A69F,U+FE2E-FE2F;
}

/* fira-mono-greek-400-normal */
@font-face {
  font-family: 'Fira Mono';
  font-style: normal;
  font-display: swap;
  font-weight: 400;
  src: url(https://cdn.jsdelivr.net/fontsource/fonts/fira-mono@latest/greek-400-normal.woff2) format('woff2');
  unicode-range: U+0370-0377,U+037A-037F,U+0384-038A,U+038C,U+038E-03A1,U+03A3-03FF;
}

/* fira-mono-greek-700-normal */
@font-face {
  font-family: 'Fira Mono';
  font-style: normal;
  font-display: swap;
  font-weight: 700;
  src: url(https://cdn.jsdelivr.net/fontsource/fonts/fira-mono@latest/greek-700-normal.woff2) format('woff2');
  unicode-range: U+0370-0377,U+037A-037F,U+0384-038A,U+038C,U+038E-03A1,U+03A3-03FF;
}

/* fira-mono-greek-ext-400-normal */
@font-face {
  font-family: 'Fira Mono';
  font-style: normal;
  font-display: swap;
  font-weight: 400;
  src: url(https://cdn.jsdelivr.net/fontsource/fonts/fira-mono@latest/greek-ext-400-normal.woff2) format('woff2');
  unicode-range: U+1F00-1FFF;
}

/* fira-mono-greek-ext-700-normal */
@font-face {
  font-family: 'Fira Mono';
  font-style: normal;
  font-display: swap;
  font-weight: 700;
  src: url(https://cdn.jsdelivr.net/fontsource/fonts/fira-mono@latest/greek-ext-700-normal.woff2) format('woff2');
  unicode-range: U+1F00-1FFF;
}

/* fira-mono-latin-400-normal */
@font-face {
  font-family: 'Fira Mono';
  font-style: normal;
  font-display: swap;
  font-weight: 400;
  src: url(https://cdn.jsdelivr.net/fontsource/fonts/fira-mono@latest/latin-400-normal.woff2) format('woff2');
  unicode-range: U+0000-00FF,U+0131,U+0152-0153,U+02BB-02BC,U+02C6,U+02DA,U+02DC,U+0304,U+0308,U+0329,U+2000-206F,U+2074,U+20AC,U+2122,U+2191,U+2193,U+2212,U+2215,U+FEFF,U+FFFD;
}

/* fira-mono-latin-700-normal */
@font-face {
  font-family: 'Fira Mono';
  font-style: normal;
  font-display: swap;
  font-weight: 700;
  src: url(https://cdn.jsdelivr.net/fontsource/fonts/fira-mono@latest/latin-700-normal.woff2) format('woff2');
  unicode-range: U+0000-00FF,U+0131,U+0152-0153,U+02BB-02BC,U+02C6,U+02DA,U+02DC,U+0304,U+0308,U+0329,U+2000-206F,U+2074,U+20AC,U+2122,U+2191,U+2193,U+2212,U+2215,U+FEFF,U+FFFD;
}

/* fira-mono-latin-ext-400-normal */
@font-face {
  font-family: 'Fira Mono';
  font-style: normal;
  font-display: swap;
  font-weight: 400;
  src: url(https://cdn.jsdelivr.net/fontsource/fonts/fira-mono@latest/latin-ext-400-normal.woff2) format('woff2');
  unicode-range: U+0100-02AF,U+0304,U+0308,U+0329,U+1E00-1E9F,U+1EF2-1EFF,U+2020,U+20A0-20AB,U+20AD-20C0,U+2113,U+2C60-2C7F,U+A720-A7FF;
}

/* fira-mono-latin-ext-700-normal */
@font-face {
  font-family: 'Fira Mono';
  font-style: normal;
  font-display: swap;
  font-weight: 700;
  src: url(https://cdn.jsdelivr.net/fontsource/fonts/fira-mono@latest/latin-ext-700-normal.woff2) format('woff2');
  unicode-range: U+0100-02AF,U+0304,U+0308,U+0329,U+1E00-1E9F,U+1EF2-1EFF,U+2020,U+20A0-20AB,U+20AD-20C0,U+2113,U+2C60-2C7F,U+A720-A7FF;
}

/* dm-sans-latin-wght-normal */
@font-face {
  font-family: 'DM Sans';
  font-style: italic;
  font-display: swap;
  font-weight: 100 1000;
  src: url(https://cdn.jsdelivr.net/fontsource/fonts/dm-sans:vf@latest/latin-wght-italic.woff2) format('woff2-variations');
  unicode-range: U+0000-00FF,U+0131,U+0152-0153,U+02BB-02BC,U+02C6,U+02DA,U+02DC,U+0304,U+0308,U+0329,U+2000-206F,U+2074,U+20AC,U+2122,U+2191,U+2193,U+2212,U+2215,U+FEFF,U+FFFD;
}

/* dm-sans-latin-ext-wght-normal */
@font-face {
  font-family: 'DM Sans';
  font-style: italic;
  font-display: swap;
  font-weight: 100 1000;
  src: url(https://cdn.jsdelivr.net/fontsource/fonts/dm-sans:vf@latest/latin-ext-wght-italic.woff2) format('woff2-variations');
  unicode-range: U+0100-02AF,U+0304,U+0308,U+0329,U+1E00-1E9F,U+1EF2-1EFF,U+2020,U+20A0-20AB,U+20AD-20C0,U+2113,U+2C60-2C7F,U+A720-A7FF;
}
/* layer: default */
.font-fm{font-family:"Fira Mono";}"
`;

exports[`fontsource provider > prefer static 1`] = `
"/* layer: fonts */
/* dm-sans-latin-400-normal */
@font-face {
  font-family: 'DM Sans';
  font-style: normal;
  font-display: swap;
  font-weight: 400;
  src: url(https://cdn.jsdelivr.net/fontsource/fonts/dm-sans@latest/latin-400-normal.woff2) format('woff2');
  unicode-range: U+0000-00FF,U+0131,U+0152-0153,U+02BB-02BC,U+02C6,U+02DA,U+02DC,U+0304,U+0308,U+0329,U+2000-206F,U+2074,U+20AC,U+2122,U+2191,U+2193,U+2212,U+2215,U+FEFF,U+FFFD;
}

/* dm-sans-latin-700-normal */
@font-face {
  font-family: 'DM Sans';
  font-style: normal;
  font-display: swap;
  font-weight: 700;
  src: url(https://cdn.jsdelivr.net/fontsource/fonts/dm-sans@latest/latin-700-normal.woff2) format('woff2');
  unicode-range: U+0000-00FF,U+0131,U+0152-0153,U+02BB-02BC,U+02C6,U+02DA,U+02DC,U+0304,U+0308,U+0329,U+2000-206F,U+2074,U+20AC,U+2122,U+2191,U+2193,U+2212,U+2215,U+FEFF,U+FFFD;
}

/* dm-sans-latin-ext-400-normal */
@font-face {
  font-family: 'DM Sans';
  font-style: normal;
  font-display: swap;
  font-weight: 400;
  src: url(https://cdn.jsdelivr.net/fontsource/fonts/dm-sans@latest/latin-ext-400-normal.woff2) format('woff2');
  unicode-range: U+0100-02AF,U+0304,U+0308,U+0329,U+1E00-1E9F,U+1EF2-1EFF,U+2020,U+20A0-20AB,U+20AD-20C0,U+2113,U+2C60-2C7F,U+A720-A7FF;
}

/* dm-sans-latin-ext-700-normal */
@font-face {
  font-family: 'DM Sans';
  font-style: normal;
  font-display: swap;
  font-weight: 700;
  src: url(https://cdn.jsdelivr.net/fontsource/fonts/dm-sans@latest/latin-ext-700-normal.woff2) format('woff2');
  unicode-range: U+0100-02AF,U+0304,U+0308,U+0329,U+1E00-1E9F,U+1EF2-1EFF,U+2020,U+20A0-20AB,U+20AD-20C0,U+2113,U+2C60-2C7F,U+A720-A7FF;
}
/* layer: default */
.font-dm{font-family:"Dm Sans";}"
`;

exports[`fontsource provider > specific subsets 1`] = `
"/* layer: fonts */
/* fira-mono-cyrillic-400-normal */
@font-face {
  font-family: 'Fira Mono';
  font-style: normal;
  font-display: swap;
  font-weight: 400;
  src: url(https://cdn.jsdelivr.net/fontsource/fonts/fira-mono@latest/cyrillic-400-normal.woff2) format('woff2');
  unicode-range: U+0301,U+0400-045F,U+0490-0491,U+04B0-04B1,U+2116;
}

/* fira-mono-cyrillic-700-normal */
@font-face {
  font-family: 'Fira Mono';
  font-style: normal;
  font-display: swap;
  font-weight: 700;
  src: url(https://cdn.jsdelivr.net/fontsource/fonts/fira-mono@latest/cyrillic-700-normal.woff2) format('woff2');
  unicode-range: U+0301,U+0400-045F,U+0490-0491,U+04B0-04B1,U+2116;
}

/* fira-mono-latin-400-normal */
@font-face {
  font-family: 'Fira Mono';
  font-style: normal;
  font-display: swap;
  font-weight: 400;
  src: url(https://cdn.jsdelivr.net/fontsource/fonts/fira-mono@latest/latin-400-normal.woff2) format('woff2');
  unicode-range: U+0000-00FF,U+0131,U+0152-0153,U+02BB-02BC,U+02C6,U+02DA,U+02DC,U+0304,U+0308,U+0329,U+2000-206F,U+2074,U+20AC,U+2122,U+2191,U+2193,U+2212,U+2215,U+FEFF,U+FFFD;
}

/* fira-mono-latin-700-normal */
@font-face {
  font-family: 'Fira Mono';
  font-style: normal;
  font-display: swap;
  font-weight: 700;
  src: url(https://cdn.jsdelivr.net/fontsource/fonts/fira-mono@latest/latin-700-normal.woff2) format('woff2');
  unicode-range: U+0000-00FF,U+0131,U+0152-0153,U+02BB-02BC,U+02C6,U+02DA,U+02DC,U+0304,U+0308,U+0329,U+2000-206F,U+2074,U+20AC,U+2122,U+2191,U+2193,U+2212,U+2215,U+FEFF,U+FFFD;
}
/* layer: default */
.font-fm{font-family:"Fira Mono";}"
`;

exports[`fontsource provider > staticFonts 1`] = `
"/* layer: fonts */
/* fira-mono-cyrillic-400-normal */
@font-face {
  font-family: 'Fira Mono';
  font-style: normal;
  font-display: swap;
  font-weight: 400;
  src: url(https://cdn.jsdelivr.net/fontsource/fonts/fira-mono@latest/cyrillic-400-normal.woff2) format('woff2');
  unicode-range: U+0301,U+0400-045F,U+0490-0491,U+04B0-04B1,U+2116;
}

/* fira-mono-cyrillic-500-normal */
@font-face {
  font-family: 'Fira Mono';
  font-style: normal;
  font-display: swap;
  font-weight: 500;
  src: url(https://cdn.jsdelivr.net/fontsource/fonts/fira-mono@latest/cyrillic-500-normal.woff2) format('woff2');
  unicode-range: U+0301,U+0400-045F,U+0490-0491,U+04B0-04B1,U+2116;
}

/* fira-mono-cyrillic-700-normal */
@font-face {
  font-family: 'Fira Mono';
  font-style: normal;
  font-display: swap;
  font-weight: 700;
  src: url(https://cdn.jsdelivr.net/fontsource/fonts/fira-mono@latest/cyrillic-700-normal.woff2) format('woff2');
  unicode-range: U+0301,U+0400-045F,U+0490-0491,U+04B0-04B1,U+2116;
}

/* fira-mono-cyrillic-ext-400-normal */
@font-face {
  font-family: 'Fira Mono';
  font-style: normal;
  font-display: swap;
  font-weight: 400;
  src: url(https://cdn.jsdelivr.net/fontsource/fonts/fira-mono@latest/cyrillic-ext-400-normal.woff2) format('woff2');
  unicode-range: U+0460-052F,U+1C80-1C88,U+20B4,U+2DE0-2DFF,U+A640-A69F,U+FE2E-FE2F;
}

/* fira-mono-cyrillic-ext-500-normal */
@font-face {
  font-family: 'Fira Mono';
  font-style: normal;
  font-display: swap;
  font-weight: 500;
  src: url(https://cdn.jsdelivr.net/fontsource/fonts/fira-mono@latest/cyrillic-ext-500-normal.woff2) format('woff2');
  unicode-range: U+0460-052F,U+1C80-1C88,U+20B4,U+2DE0-2DFF,U+A640-A69F,U+FE2E-FE2F;
}

/* fira-mono-cyrillic-ext-700-normal */
@font-face {
  font-family: 'Fira Mono';
  font-style: normal;
  font-display: swap;
  font-weight: 700;
  src: url(https://cdn.jsdelivr.net/fontsource/fonts/fira-mono@latest/cyrillic-ext-700-normal.woff2) format('woff2');
  unicode-range: U+0460-052F,U+1C80-1C88,U+20B4,U+2DE0-2DFF,U+A640-A69F,U+FE2E-FE2F;
}

/* fira-mono-greek-400-normal */
@font-face {
  font-family: 'Fira Mono';
  font-style: normal;
  font-display: swap;
  font-weight: 400;
  src: url(https://cdn.jsdelivr.net/fontsource/fonts/fira-mono@latest/greek-400-normal.woff2) format('woff2');
  unicode-range: U+0370-0377,U+037A-037F,U+0384-038A,U+038C,U+038E-03A1,U+03A3-03FF;
}

/* fira-mono-greek-500-normal */
@font-face {
  font-family: 'Fira Mono';
  font-style: normal;
  font-display: swap;
  font-weight: 500;
  src: url(https://cdn.jsdelivr.net/fontsource/fonts/fira-mono@latest/greek-500-normal.woff2) format('woff2');
  unicode-range: U+0370-0377,U+037A-037F,U+0384-038A,U+038C,U+038E-03A1,U+03A3-03FF;
}

/* fira-mono-greek-700-normal */
@font-face {
  font-family: 'Fira Mono';
  font-style: normal;
  font-display: swap;
  font-weight: 700;
  src: url(https://cdn.jsdelivr.net/fontsource/fonts/fira-mono@latest/greek-700-normal.woff2) format('woff2');
  unicode-range: U+0370-0377,U+037A-037F,U+0384-038A,U+038C,U+038E-03A1,U+03A3-03FF;
}

/* fira-mono-greek-ext-400-normal */
@font-face {
  font-family: 'Fira Mono';
  font-style: normal;
  font-display: swap;
  font-weight: 400;
  src: url(https://cdn.jsdelivr.net/fontsource/fonts/fira-mono@latest/greek-ext-400-normal.woff2) format('woff2');
  unicode-range: U+1F00-1FFF;
}

/* fira-mono-greek-ext-500-normal */
@font-face {
  font-family: 'Fira Mono';
  font-style: normal;
  font-display: swap;
  font-weight: 500;
  src: url(https://cdn.jsdelivr.net/fontsource/fonts/fira-mono@latest/greek-ext-500-normal.woff2) format('woff2');
  unicode-range: U+1F00-1FFF;
}

/* fira-mono-greek-ext-700-normal */
@font-face {
  font-family: 'Fira Mono';
  font-style: normal;
  font-display: swap;
  font-weight: 700;
  src: url(https://cdn.jsdelivr.net/fontsource/fonts/fira-mono@latest/greek-ext-700-normal.woff2) format('woff2');
  unicode-range: U+1F00-1FFF;
}

/* fira-mono-latin-400-normal */
@font-face {
  font-family: 'Fira Mono';
  font-style: normal;
  font-display: swap;
  font-weight: 400;
  src: url(https://cdn.jsdelivr.net/fontsource/fonts/fira-mono@latest/latin-400-normal.woff2) format('woff2');
  unicode-range: U+0000-00FF,U+0131,U+0152-0153,U+02BB-02BC,U+02C6,U+02DA,U+02DC,U+0304,U+0308,U+0329,U+2000-206F,U+2074,U+20AC,U+2122,U+2191,U+2193,U+2212,U+2215,U+FEFF,U+FFFD;
}

/* fira-mono-latin-500-normal */
@font-face {
  font-family: 'Fira Mono';
  font-style: normal;
  font-display: swap;
  font-weight: 500;
  src: url(https://cdn.jsdelivr.net/fontsource/fonts/fira-mono@latest/latin-500-normal.woff2) format('woff2');
  unicode-range: U+0000-00FF,U+0131,U+0152-0153,U+02BB-02BC,U+02C6,U+02DA,U+02DC,U+0304,U+0308,U+0329,U+2000-206F,U+2074,U+20AC,U+2122,U+2191,U+2193,U+2212,U+2215,U+FEFF,U+FFFD;
}

/* fira-mono-latin-700-normal */
@font-face {
  font-family: 'Fira Mono';
  font-style: normal;
  font-display: swap;
  font-weight: 700;
  src: url(https://cdn.jsdelivr.net/fontsource/fonts/fira-mono@latest/latin-700-normal.woff2) format('woff2');
  unicode-range: U+0000-00FF,U+0131,U+0152-0153,U+02BB-02BC,U+02C6,U+02DA,U+02DC,U+0304,U+0308,U+0329,U+2000-206F,U+2074,U+20AC,U+2122,U+2191,U+2193,U+2212,U+2215,U+FEFF,U+FFFD;
}

/* fira-mono-latin-ext-400-normal */
@font-face {
  font-family: 'Fira Mono';
  font-style: normal;
  font-display: swap;
  font-weight: 400;
  src: url(https://cdn.jsdelivr.net/fontsource/fonts/fira-mono@latest/latin-ext-400-normal.woff2) format('woff2');
  unicode-range: U+0100-02AF,U+0304,U+0308,U+0329,U+1E00-1E9F,U+1EF2-1EFF,U+2020,U+20A0-20AB,U+20AD-20C0,U+2113,U+2C60-2C7F,U+A720-A7FF;
}

/* fira-mono-latin-ext-500-normal */
@font-face {
  font-family: 'Fira Mono';
  font-style: normal;
  font-display: swap;
  font-weight: 500;
  src: url(https://cdn.jsdelivr.net/fontsource/fonts/fira-mono@latest/latin-ext-500-normal.woff2) format('woff2');
  unicode-range: U+0100-02AF,U+0304,U+0308,U+0329,U+1E00-1E9F,U+1EF2-1EFF,U+2020,U+20A0-20AB,U+20AD-20C0,U+2113,U+2C60-2C7F,U+A720-A7FF;
}

/* fira-mono-latin-ext-700-normal */
@font-face {
  font-family: 'Fira Mono';
  font-style: normal;
  font-display: swap;
  font-weight: 700;
  src: url(https://cdn.jsdelivr.net/fontsource/fonts/fira-mono@latest/latin-ext-700-normal.woff2) format('woff2');
  unicode-range: U+0100-02AF,U+0304,U+0308,U+0329,U+1E00-1E9F,U+1EF2-1EFF,U+2020,U+20A0-20AB,U+20AD-20C0,U+2113,U+2C60-2C7F,U+A720-A7FF;
}
/* layer: default */
.font-mono{font-family:ui-monospace,SFMono-Regular,Menlo,Monaco,Consolas,"Liberation Mono","Courier New",monospace;}
.font-sans{font-family:ui-sans-serif,system-ui,-apple-system,BlinkMacSystemFont,"Segoe UI",Roboto,"Helvetica Neue",Arial,"Noto Sans",sans-serif,"Apple Color Emoji","Segoe UI Emoji","Segoe UI Symbol","Noto Color Emoji";}"
`;

exports[`fontsource provider > variableFonts 1`] = `
"/* layer: fonts */
/* dm-sans-latin-wght-normal */
@font-face {
  font-family: 'DM Sans';
  font-style: normal;
  font-display: swap;
  font-weight: 100 1000;
  src: url(https://cdn.jsdelivr.net/fontsource/fonts/dm-sans:vf@latest/latin-wght-normal.woff2) format('woff2-variations');
  unicode-range: U+0000-00FF,U+0131,U+0152-0153,U+02BB-02BC,U+02C6,U+02DA,U+02DC,U+0304,U+0308,U+0329,U+2000-206F,U+2074,U+20AC,U+2122,U+2191,U+2193,U+2212,U+2215,U+FEFF,U+FFFD;
}

/* dm-sans-latin-ext-wght-normal */
@font-face {
  font-family: 'DM Sans';
  font-style: normal;
  font-display: swap;
  font-weight: 100 1000;
  src: url(https://cdn.jsdelivr.net/fontsource/fonts/dm-sans:vf@latest/latin-ext-wght-normal.woff2) format('woff2-variations');
  unicode-range: U+0100-02AF,U+0304,U+0308,U+0329,U+1E00-1E9F,U+1EF2-1EFF,U+2020,U+20A0-20AB,U+20AD-20C0,U+2113,U+2C60-2C7F,U+A720-A7FF;
}
/* layer: default */
.font-mono{font-family:ui-monospace,SFMono-Regular,Menlo,Monaco,Consolas,"Liberation Mono","Courier New",monospace;}
.font-sans{font-family:ui-sans-serif,system-ui,-apple-system,BlinkMacSystemFont,"Segoe UI",Roboto,"Helvetica Neue",Arial,"Noto Sans",sans-serif,"Apple Color Emoji","Segoe UI Emoji","Segoe UI Symbol","Noto Color Emoji";}"
`;

exports[`with presetWind4 1`] = `
"/* layer: fonts */
/* cyrillic-ext */
@font-face {
  font-family: 'Fira Code';
  font-style: normal;
  font-weight: 400;
  font-display: swap;
  src: url(https://fonts.gstatic.com/s/firacode/v22/uU9eCBsR6Z2vfE9aq3bL0fxyUs4tcw4W_D1sJV37NuzlojwUKaJO.woff2) format('woff2');
  unicode-range: U+0460-052F, U+1C80-1C8A, U+20B4, U+2DE0-2DFF, U+A640-A69F, U+FE2E-FE2F;
}
/* cyrillic */
@font-face {
  font-family: 'Fira Code';
  font-style: normal;
  font-weight: 400;
  font-display: swap;
  src: url(https://fonts.gstatic.com/s/firacode/v22/uU9eCBsR6Z2vfE9aq3bL0fxyUs4tcw4W_D1sJVT7NuzlojwUKaJO.woff2) format('woff2');
  unicode-range: U+0301, U+0400-045F, U+0490-0491, U+04B0-04B1, U+2116;
}
/* layer: theme */
:root, :host { --font-custom: "Fira Code"; }
/* layer: default */
.font-custom{font-family:var(--font-custom);}"
`;
