// Vitest Snapshot v1, https://vitest.dev/guide/snapshot.html

exports[`autocomplete > should accept variants 1`] = `
[
  "dark:md:m-xy",
  "dark:md:marker:",
  "dark:md:max-block",
  "dark:md:max-block-auto",
  "dark:md:max-block-lg",
  "dark:md:max-block-md",
  "dark:md:max-block-none",
  "dark:md:max-block-prose",
  "dark:md:max-block-screen",
  "dark:md:max-block-sm",
  "dark:md:max-block-xl",
  "dark:md:max-block-xs",
  "dark:md:max-h",
  "dark:md:max-h-auto",
  "dark:md:max-h-full",
  "dark:md:max-h-lg",
  "dark:md:max-h-md",
  "dark:md:max-h-none",
  "dark:md:max-h-prose",
  "dark:md:max-h-screen",
  "dark:md:max-h-screen-lg",
  "dark:md:max-h-screen-md",
  "dark:md:max-h-screen-sm",
  "dark:md:max-h-screen-xl",
  "dark:md:max-h-sm",
  "dark:md:max-h-xl",
  "dark:md:max-h-xs",
  "dark:md:max-inline",
  "dark:md:max-inline-auto",
  "dark:md:max-inline-lg",
  "dark:md:max-inline-md",
  "dark:md:max-inline-none",
  "dark:md:max-inline-prose",
  "dark:md:max-inline-screen",
  "dark:md:max-inline-sm",
  "dark:md:max-inline-xl",
  "dark:md:max-inline-xs",
  "dark:md:max-lg",
  "dark:md:max-md",
  "dark:md:max-sm",
  "dark:md:max-w",
  "dark:md:max-w-auto",
  "dark:md:max-w-full",
  "dark:md:max-w-lg",
  "dark:md:max-w-md",
  "dark:md:max-w-none",
  "dark:md:max-w-prose",
  "dark:md:max-w-screen",
  "dark:md:max-w-screen-lg",
  "dark:md:max-w-screen-md",
  "dark:md:max-w-screen-sm",
  "dark:md:max-w-screen-xl",
  "dark:md:max-w-sm",
  "dark:md:max-w-xl",
  "dark:md:max-w-xs",
  "dark:md:max-xl",
  "dark:md:min-block",
  "dark:md:min-block-auto",
  "dark:md:min-block-lg",
  "dark:md:min-block-md",
  "dark:md:min-block-none",
  "dark:md:min-block-prose",
  "dark:md:min-block-screen",
  "dark:md:min-block-sm",
  "dark:md:min-block-xl",
  "dark:md:min-block-xs",
  "dark:md:min-h",
  "dark:md:min-h-auto",
  "dark:md:min-h-full",
  "dark:md:min-h-lg",
  "dark:md:min-h-md",
  "dark:md:min-h-none",
  "dark:md:min-h-prose",
  "dark:md:min-h-screen",
  "dark:md:min-h-screen-lg",
  "dark:md:min-h-screen-md",
  "dark:md:min-h-screen-sm",
  "dark:md:min-h-screen-xl",
  "dark:md:min-h-sm",
  "dark:md:min-h-xl",
  "dark:md:min-h-xs",
  "dark:md:min-inline",
  "dark:md:min-inline-auto",
  "dark:md:min-inline-lg",
  "dark:md:min-inline-md",
  "dark:md:min-inline-none",
  "dark:md:min-inline-prose",
  "dark:md:min-inline-screen",
  "dark:md:min-inline-sm",
  "dark:md:min-inline-xl",
  "dark:md:min-inline-xs",
  "dark:md:min-w",
  "dark:md:min-w-auto",
  "dark:md:min-w-full",
  "dark:md:min-w-lg",
  "dark:md:min-w-md",
  "dark:md:min-w-none",
  "dark:md:min-w-prose",
  "dark:md:min-w-screen",
  "dark:md:min-w-screen-lg",
  "dark:md:min-w-screen-md",
  "dark:md:min-w-screen-sm",
  "dark:md:min-w-screen-xl",
  "dark:md:min-w-sm",
  "dark:md:min-w-xl",
  "dark:md:min-w-xs",
  "dark:md:motion-reduce:",
  "dark:md:motion-safe:",
  "dark:md:m-bs-0",
  "dark:md:m-be-0",
  "dark:md:m-is-0",
  "dark:md:m-ie-0",
  "dark:md:m-bs-1",
  "dark:md:m-be-1",
  "dark:md:m-is-1",
  "dark:md:m-ie-1",
  "dark:md:m-bs-2",
  "dark:md:m-be-2",
  "dark:md:m-is-2",
  "dark:md:m-ie-2",
  "dark:md:m-bs-3",
  "dark:md:m-be-3",
  "dark:md:m-is-3",
  "dark:md:m-ie-3",
  "dark:md:m-bs-4",
  "dark:md:m-be-4",
  "dark:md:m-is-4",
  "dark:md:m-ie-4",
  "dark:md:m-bs-5",
  "dark:md:m-be-5",
  "dark:md:m-is-5",
  "dark:md:m-ie-5",
  "dark:md:m-bs-6",
  "dark:md:m-be-6",
  "dark:md:m-is-6",
  "dark:md:m-ie-6",
  "dark:md:m-bs-8",
  "dark:md:m-be-8",
  "dark:md:m-is-8",
  "dark:md:m-ie-8",
  "dark:md:m-bs-10",
  "dark:md:m-be-10",
  "dark:md:m-is-10",
  "dark:md:m-ie-10",
  "dark:md:m-bs-12",
  "dark:md:m-be-12",
  "dark:md:m-is-12",
  "dark:md:m-ie-12",
  "dark:md:m-bs-24",
  "dark:md:m-be-24",
  "dark:md:m-is-24",
  "dark:md:m-ie-24",
  "dark:md:m-bs-36",
  "dark:md:m-be-36",
  "dark:md:m-is-36",
  "dark:md:m-ie-36",
  "dark:md:m-block-0",
  "dark:md:m-inline-0",
  "dark:md:m-block-1",
  "dark:md:m-inline-1",
  "dark:md:m-block-2",
  "dark:md:m-inline-2",
  "dark:md:m-block-3",
  "dark:md:m-inline-3",
  "dark:md:m-block-4",
  "dark:md:m-inline-4",
  "dark:md:m-block-5",
  "dark:md:m-inline-5",
  "dark:md:m-block-6",
  "dark:md:m-inline-6",
  "dark:md:m-block-8",
  "dark:md:m-inline-8",
  "dark:md:m-block-10",
  "dark:md:m-inline-10",
  "dark:md:m-block-12",
  "dark:md:m-inline-12",
  "dark:md:m-block-24",
  "dark:md:m-inline-24",
  "dark:md:m-block-36",
  "dark:md:m-inline-36",
  "dark:md:mx-0",
  "dark:md:my-0",
  "dark:md:mt-0",
  "dark:md:mb-0",
  "dark:md:ml-0",
  "dark:md:mr-0",
  "dark:md:ms-0",
  "dark:md:me-0",
  "dark:md:mx-1",
  "dark:md:my-1",
  "dark:md:mt-1",
  "dark:md:mb-1",
  "dark:md:ml-1",
  "dark:md:mr-1",
  "dark:md:ms-1",
  "dark:md:me-1",
  "dark:md:mx-2",
  "dark:md:my-2",
  "dark:md:mt-2",
  "dark:md:mb-2",
  "dark:md:ml-2",
  "dark:md:mr-2",
  "dark:md:ms-2",
  "dark:md:me-2",
  "dark:md:mx-3",
  "dark:md:my-3",
  "dark:md:mt-3",
  "dark:md:mb-3",
  "dark:md:ml-3",
  "dark:md:mr-3",
  "dark:md:ms-3",
  "dark:md:me-3",
  "dark:md:mx-4",
  "dark:md:my-4",
  "dark:md:mt-4",
  "dark:md:mb-4",
  "dark:md:ml-4",
  "dark:md:mr-4",
  "dark:md:ms-4",
  "dark:md:me-4",
  "dark:md:mx-5",
  "dark:md:my-5",
  "dark:md:mt-5",
  "dark:md:mb-5",
  "dark:md:ml-5",
  "dark:md:mr-5",
  "dark:md:ms-5",
  "dark:md:me-5",
  "dark:md:mx-6",
  "dark:md:my-6",
  "dark:md:mt-6",
  "dark:md:mb-6",
  "dark:md:ml-6",
  "dark:md:mr-6",
  "dark:md:ms-6",
  "dark:md:me-6",
  "dark:md:mx-8",
  "dark:md:my-8",
  "dark:md:mt-8",
  "dark:md:mb-8",
  "dark:md:ml-8",
  "dark:md:mr-8",
  "dark:md:ms-8",
  "dark:md:me-8",
  "dark:md:mx-10",
  "dark:md:my-10",
  "dark:md:mt-10",
  "dark:md:mb-10",
  "dark:md:ml-10",
  "dark:md:mr-10",
  "dark:md:ms-10",
  "dark:md:me-10",
  "dark:md:mx-12",
  "dark:md:my-12",
  "dark:md:mt-12",
  "dark:md:mb-12",
  "dark:md:ml-12",
  "dark:md:mr-12",
  "dark:md:ms-12",
  "dark:md:me-12",
  "dark:md:mx-24",
  "dark:md:my-24",
  "dark:md:mt-24",
  "dark:md:mb-24",
  "dark:md:ml-24",
  "dark:md:mr-24",
  "dark:md:ms-24",
  "dark:md:me-24",
  "dark:md:mx-36",
  "dark:md:my-36",
  "dark:md:mt-36",
  "dark:md:mb-36",
  "dark:md:ml-36",
  "dark:md:mr-36",
  "dark:md:ms-36",
  "dark:md:me-36",
  "dark:md:m0",
  "dark:md:m1",
  "dark:md:m2",
  "dark:md:m3",
  "dark:md:m4",
  "dark:md:m5",
  "dark:md:m6",
  "dark:md:m8",
  "dark:md:m10",
  "dark:md:m12",
  "dark:md:m24",
  "dark:md:m36",
  "dark:md:m-0",
  "dark:md:m-1",
  "dark:md:m-2",
  "dark:md:m-3",
  "dark:md:m-4",
  "dark:md:m-5",
  "dark:md:m-6",
  "dark:md:m-8",
  "dark:md:m-10",
  "dark:md:m-12",
  "dark:md:m-24",
  "dark:md:m-36",
  "dark:md:min-h-screen-2xl",
  "dark:md:max-h-screen-2xl",
  "dark:md:min-w-screen-2xl",
  "dark:md:max-w-screen-2xl",
  "dark:md:max-w-2xl",
  "dark:md:max-h-2xl",
  "dark:md:max-block-2xl",
  "dark:md:max-inline-2xl",
  "dark:md:min-w-2xl",
  "dark:md:min-h-2xl",
  "dark:md:min-block-2xl",
  "dark:md:min-inline-2xl",
  "dark:md:max-w-3xl",
  "dark:md:max-h-3xl",
  "dark:md:max-block-3xl",
  "dark:md:max-inline-3xl",
  "dark:md:min-w-3xl",
  "dark:md:min-h-3xl",
  "dark:md:min-block-3xl",
  "dark:md:min-inline-3xl",
  "dark:md:max-w-4xl",
  "dark:md:max-h-4xl",
  "dark:md:max-block-4xl",
  "dark:md:max-inline-4xl",
  "dark:md:min-w-4xl",
  "dark:md:min-h-4xl",
  "dark:md:min-block-4xl",
  "dark:md:min-inline-4xl",
  "dark:md:max-w-5xl",
  "dark:md:max-h-5xl",
  "dark:md:max-block-5xl",
  "dark:md:max-inline-5xl",
  "dark:md:min-w-5xl",
  "dark:md:min-h-5xl",
  "dark:md:min-block-5xl",
  "dark:md:min-inline-5xl",
  "dark:md:max-w-6xl",
  "dark:md:max-h-6xl",
  "dark:md:max-block-6xl",
  "dark:md:max-inline-6xl",
  "dark:md:min-w-6xl",
  "dark:md:min-h-6xl",
  "dark:md:min-block-6xl",
  "dark:md:min-inline-6xl",
  "dark:md:max-w-7xl",
  "dark:md:max-h-7xl",
  "dark:md:max-block-7xl",
  "dark:md:max-inline-7xl",
  "dark:md:min-w-7xl",
  "dark:md:min-h-7xl",
  "dark:md:min-block-7xl",
  "dark:md:min-inline-7xl",
  "dark:md:max-2xl",
]
`;

exports[`autocomplete > should provide autocomplete 1`] = `
{
  "align-": "align-base align-baseline align-bottom align-btm align-end align-inherit align-initial align-mid align-middle align-revert",
  "aspect-": "aspect-ratio aspect-ratio-square aspect-ratio-video aspect-square aspect-video",
  "auto-flow-": "",
  "auto-rows-": "auto-rows-0 auto-rows-1 auto-rows-2 auto-rows-3 auto-rows-4 auto-rows-5 auto-rows-6 auto-rows-8 auto-rows-10 auto-rows-12",
  "bg-": "b-gray b-green b-groove bg-amber bg-auto bg-black bg-blend-color bg-blend-color-burn bg-blend-color-dodge bg-blend-darken",
  "bg-gradient-": "bg-gradient-conic bg-gradient-from bg-gradient-from-amber bg-gradient-from-black bg-gradient-from-blue bg-gradient-from-bluegray bg-gradient-from-blueGray bg-gradient-from-coolgray bg-gradient-from-coolGray bg-gradient-from-current",
  "bg-r": "b-gray b-green b-groove bg-red bg-repeat bg-repeat-inherit bg-repeat-initial bg-repeat-revert bg-repeat-revert-layer bg-repeat-round",
  "border": "border border-amber border-b border-b-amber border-b-black border-b-blue border-b-bluegray border-b-blueGray border-b-coolgray border-b-coolGray",
  "border-": "border-amber border-b border-b-amber border-b-black border-b-blue border-b-bluegray border-b-blueGray border-b-coolgray border-b-coolGray border-b-current",
  "border-r": "border-r border-r-amber border-r-black border-r-blue border-r-bluegray border-r-blueGray border-r-coolgray border-r-coolGray border-r-current border-r-cyan",
  "border-spacing-": "border-spacing-lg border-spacing-none border-spacing-sm border-spacing-x border-spacing-x-lg border-spacing-x-none border-spacing-x-sm border-spacing-x-xl border-spacing-x-xs border-spacing-xl",
  "columns-": "columns-0 columns-1 columns-2 columns-3 columns-4 columns-5 columns-6 columns-8 columns-10 columns-12",
  "divide-": "divide-amber divide-black divide-block divide-block-none divide-block-reverse divide-blue divide-bluegray divide-blueGray divide-coolgray divide-coolGray",
  "fill-": "fill-amber fill-black fill-blue fill-bluegray fill-blueGray fill-coolgray fill-coolGray fill-current fill-cyan fill-dark",
  "filter-": "filter-blur filter-blur-lg filter-blur-md filter-blur-sm filter-blur-xl filter-drop filter-drop-shadow filter-drop-shadow-color filter-drop-shadow-color-amber filter-drop-shadow-color-black",
  "fle": "flex flex-auto flex-basis-lg flex-basis-none flex-basis-sm flex-basis-xl flex-basis-xs flex-col flex-col-reverse flex-content-around",
  "font-": "font-black font-bold font-extrabold font-extralight font-italic font-light font-medium font-mono font-normal font-not-italic",
  "grid-rows-": "grid-rows-none grid-rows-subgrid",
  "grow-": "grow-0 grow-1 grow-2 grow-3 grow-4 grow-5 grow-6 grow-8 grow-10 grow-12",
  "keyframes-": "keyframes-back-in-down keyframes-back-in-left keyframes-back-in-right keyframes-back-in-up keyframes-back-out-down keyframes-back-out-left keyframes-back-out-right keyframes-back-out-up keyframes-bounce keyframes-bounce-alt",
  "leading-": "leading-loose leading-none leading-normal leading-relaxed leading-snug leading-tight",
  "line-clamp-": "line-clamp-inherit line-clamp-initial line-clamp-none line-clamp-revert line-clamp-revert-layer line-clamp-unset line-clamp-0 line-clamp-1 line-clamp-2 line-clamp-3",
  "m-": "m-xy marker: max-block max-block-auto max-block-lg max-block-md max-block-none max-block-prose max-block-screen max-block-sm",
  "max-w-": "max-w-auto max-w-full max-w-lg max-w-md max-w-none max-w-prose max-w-screen max-w-sm max-w-xl max-w-xs",
  "mx-": "m-xy mx-0 mx-1 mx-2 mx-3 mx-4 mx-5 mx-6 mx-8 mx-10",
  "object-": "object-b object-bc object-bl object-bottom object-bottom-center object-bottom-left object-bottom-right object-br object-c object-cb",
  "origin-": "origin-b origin-bc origin-bl origin-bottom origin-bottom-center origin-bottom-left origin-bottom-right origin-br origin-c origin-cb",
  "outline-": "outline-amber outline-auto outline-black outline-blue outline-bluegray outline-blueGray outline-coolgray outline-coolGray outline-current outline-cyan",
  "outline-offset-": "outline-offset-0 outline-offset-1 outline-offset-2 outline-offset-3 outline-offset-4 outline-offset-5 outline-offset-6 outline-offset-8 outline-offset-10 outline-offset-12",
  "placeholder-": "placeholder-.dark: placeholder-.light: placeholder-@dark: placeholder-@hover: placeholder-@light: placeholder-*: placeholder-accent-amber placeholder-accent-black placeholder-accent-blue placeholder-accent-bluegray",
  "rows-": "rows-0 rows-1 rows-2 rows-3 rows-4 rows-5 rows-6 rows-8 rows-10 rows-12",
  "scale-": "scale-0 scale-10 scale-20 scale-30 scale-40 scale-50 scale-60 scale-70 scale-80 scale-90",
  "scale-x-": "scale-x-0 scale-x-10 scale-x-20 scale-x-30 scale-x-40 scale-x-50 scale-x-60 scale-x-70 scale-x-80 scale-x-90",
  "scroll-": "scroll-auto scroll-block scroll-block-b scroll-block-b-lg scroll-block-b-none scroll-block-b-sm scroll-block-b-xl scroll-block-b-xs scroll-block-be scroll-block-be-lg",
  "scroll-m-": "scroll-m-b scroll-m-b-lg scroll-m-b-none scroll-m-b-sm scroll-m-b-xl scroll-m-b-xs scroll-m-be scroll-m-be-lg scroll-m-be-none scroll-m-be-sm",
  "shadow-": "shadow-amber shadow-black shadow-blue shadow-bluegray shadow-blueGray shadow-coolgray shadow-coolGray shadow-current shadow-cyan shadow-dark",
  "skew-x-": "skew-x-0 skew-x-10 skew-x-20 skew-x-30 skew-x-40 skew-x-50 skew-x-60 skew-x-70 skew-x-80 skew-x-90",
  "space-": "space-block space-block-lg space-block-none space-block-reverse space-block-sm space-block-xl space-block-xs space-inline space-inline-lg space-inline-none",
  "text-r": "text-red text-revert text-revert-layer text-right text-rose",
  "text-red-": "text-red-1 text-red-2 text-red-3 text-red-4 text-red-5 text-red-6 text-red-7 text-red-8 text-red-9 text-red-50",
  "touch-": "touch-auto touch-inherit touch-initial touch-manipulation touch-none touch-pan touch-pan-down touch-pan-left touch-pan-right touch-pan-up",
  "transform-scale-": "transform-scale-0 transform-scale-10 transform-scale-20 transform-scale-30 transform-scale-40 transform-scale-50 transform-scale-60 transform-scale-70 transform-scale-80 transform-scale-90",
  "transform-scale-x-": "transform-scale-x-0 transform-scale-x-10 transform-scale-x-20 transform-scale-x-30 transform-scale-x-40 transform-scale-x-50 transform-scale-x-60 transform-scale-x-70 transform-scale-x-80 transform-scale-x-90",
  "transform-scale-z-": "transform-scale-z-0 transform-scale-z-10 transform-scale-z-20 transform-scale-z-30 transform-scale-z-40 transform-scale-z-50 transform-scale-z-60 transform-scale-z-70 transform-scale-z-80 transform-scale-z-90",
  "transform-skew-x-": "transform-skew-x-0 transform-skew-x-10 transform-skew-x-20 transform-skew-x-30 transform-skew-x-40 transform-skew-x-50 transform-skew-x-60 transform-skew-x-70 transform-skew-x-80 transform-skew-x-90",
  "transform-skew-y-": "transform-skew-y-0 transform-skew-y-10 transform-skew-y-20 transform-skew-y-30 transform-skew-y-40 transform-skew-y-50 transform-skew-y-60 transform-skew-y-70 transform-skew-y-80 transform-skew-y-90",
  "transition-": "transition-all transition-colors transition-delay-none transition-discrete transition-duration-none transition-ease-DEFAULT transition-ease-in transition-ease-in-out transition-ease-linear transition-ease-out",
  "translate-": "translate-0 translate-10 translate-20 translate-30 translate-40 translate-50 translate-60 translate-70 translate-80 translate-90",
  "translate-x-": "translate-x-0 translate-x-10 translate-x-20 translate-x-30 translate-x-40 translate-x-50 translate-x-60 translate-x-70 translate-x-80 translate-x-90",
  "v-": "v-base v-baseline v-bottom v-btm v-end v-inherit v-initial v-mid v-middle v-revert",
  "w-": "w-auto w-full w-lg w-md w-none w-prose w-screen w-screen-lg w-screen-md w-screen-sm",
  "z-": "z-0 z-1 z-2 z-3 z-4 z-5 z-6 z-8 z-10 z-12",
}
`;

exports[`autocomplete > should provide skip DEFAULT 1`] = `
[
  "text-red-1",
  "text-red-2",
  "text-red-3",
  "text-red-4",
  "text-red-5",
  "text-red-6",
  "text-red-7",
  "text-red-8",
  "text-red-9",
  "text-red-50",
  "text-red-100",
  "text-red-200",
  "text-red-300",
  "text-red-400",
  "text-red-500",
  "text-red-600",
  "text-red-700",
  "text-red-800",
  "text-red-900",
  "text-red-950",
]
`;

exports[`autocomplete with attributify prefix > should accept variants 1`] = `
[
  "u-dark:md:m-xy",
  "u-dark:md:marker:",
  "u-dark:md:max-block",
  "u-dark:md:max-block-auto",
  "u-dark:md:max-block-lg",
  "u-dark:md:max-block-md",
  "u-dark:md:max-block-none",
  "u-dark:md:max-block-prose",
  "u-dark:md:max-block-screen",
  "u-dark:md:max-block-sm",
  "u-dark:md:max-block-xl",
  "u-dark:md:max-block-xs",
  "u-dark:md:max-h",
  "u-dark:md:max-h-auto",
  "u-dark:md:max-h-full",
  "u-dark:md:max-h-lg",
  "u-dark:md:max-h-md",
  "u-dark:md:max-h-none",
  "u-dark:md:max-h-prose",
  "u-dark:md:max-h-screen",
]
`;

exports[`autocomplete with attributify prefix > should provide autocomplete 1`] = `
{
  "u-align-": "u-align-base u-align-baseline u-align-bottom u-align-btm u-align-end u-align-inherit u-align-initial u-align-mid u-align-middle u-align-revert",
  "u-aspect-": "u-aspect-ratio u-aspect-ratio-square u-aspect-ratio-video u-aspect-square u-aspect-video",
  "u-auto-flow-": "",
  "u-auto-rows-": "u-auto-rows-0 u-auto-rows-1 u-auto-rows-2 u-auto-rows-3 u-auto-rows-4 u-auto-rows-5 u-auto-rows-6 u-auto-rows-8 u-auto-rows-10 u-auto-rows-12",
  "u-bg-": "u-b-gray u-b-green u-b-groove u-bg-amber u-bg-auto u-bg-black u-bg-blend-color u-bg-blend-color-burn u-bg-blend-color-dodge u-bg-blend-darken",
  "u-bg-gradient-": "u-bg-gradient-conic u-bg-gradient-from u-bg-gradient-from-amber u-bg-gradient-from-black u-bg-gradient-from-blue u-bg-gradient-from-bluegray u-bg-gradient-from-blueGray u-bg-gradient-from-coolgray u-bg-gradient-from-coolGray u-bg-gradient-from-current",
  "u-bg-r": "u-b-gray u-b-green u-b-groove u-bg-red u-bg-repeat u-bg-repeat-inherit u-bg-repeat-initial u-bg-repeat-revert u-bg-repeat-revert-layer u-bg-repeat-round",
  "u-border": "u-border u-border-amber u-border-b u-border-b-amber u-border-b-black u-border-b-blue u-border-b-bluegray u-border-b-blueGray u-border-b-coolgray u-border-b-coolGray",
  "u-border-": "u-border-amber u-border-b u-border-b-amber u-border-b-black u-border-b-blue u-border-b-bluegray u-border-b-blueGray u-border-b-coolgray u-border-b-coolGray u-border-b-current",
  "u-border-r": "u-border-r u-border-r-amber u-border-r-black u-border-r-blue u-border-r-bluegray u-border-r-blueGray u-border-r-coolgray u-border-r-coolGray u-border-r-current u-border-r-cyan",
  "u-border-spacing-": "u-border-spacing-lg u-border-spacing-none u-border-spacing-sm u-border-spacing-x u-border-spacing-x-lg u-border-spacing-x-none u-border-spacing-x-sm u-border-spacing-x-xl u-border-spacing-x-xs u-border-spacing-xl",
  "u-columns-": "u-columns-0 u-columns-1 u-columns-2 u-columns-3 u-columns-4 u-columns-5 u-columns-6 u-columns-8 u-columns-10 u-columns-12",
  "u-divide-": "u-divide-amber u-divide-black u-divide-block u-divide-block-none u-divide-block-reverse u-divide-blue u-divide-bluegray u-divide-blueGray u-divide-coolgray u-divide-coolGray",
  "u-fill-": "u-fill-amber u-fill-black u-fill-blue u-fill-bluegray u-fill-blueGray u-fill-coolgray u-fill-coolGray u-fill-current u-fill-cyan u-fill-dark",
  "u-filter-": "u-filter-blur u-filter-blur-lg u-filter-blur-md u-filter-blur-sm u-filter-blur-xl u-filter-drop u-filter-drop-shadow u-filter-drop-shadow-color u-filter-drop-shadow-color-amber u-filter-drop-shadow-color-black",
  "u-fle": "u-flex u-flex-auto u-flex-basis-lg u-flex-basis-none u-flex-basis-sm u-flex-basis-xl u-flex-basis-xs u-flex-col u-flex-col-reverse u-flex-content-around",
  "u-font-": "u-font-black u-font-bold u-font-extrabold u-font-extralight u-font-italic u-font-light u-font-medium u-font-mono u-font-normal u-font-not-italic",
  "u-grid-rows-": "u-grid-rows-none u-grid-rows-subgrid",
  "u-grow-": "u-grow-0 u-grow-1 u-grow-2 u-grow-3 u-grow-4 u-grow-5 u-grow-6 u-grow-8 u-grow-10 u-grow-12",
  "u-keyframes-": "u-keyframes-back-in-down u-keyframes-back-in-left u-keyframes-back-in-right u-keyframes-back-in-up u-keyframes-back-out-down u-keyframes-back-out-left u-keyframes-back-out-right u-keyframes-back-out-up u-keyframes-bounce u-keyframes-bounce-alt",
  "u-leading-": "u-leading-loose u-leading-none u-leading-normal u-leading-relaxed u-leading-snug u-leading-tight",
  "u-line-clamp-": "u-line-clamp-inherit u-line-clamp-initial u-line-clamp-none u-line-clamp-revert u-line-clamp-revert-layer u-line-clamp-unset u-line-clamp-0 u-line-clamp-1 u-line-clamp-2 u-line-clamp-3",
  "u-m-": "u-m-xy u-marker: u-max-block u-max-block-auto u-max-block-lg u-max-block-md u-max-block-none u-max-block-prose u-max-block-screen u-max-block-sm",
  "u-max-w-": "u-max-w-auto u-max-w-full u-max-w-lg u-max-w-md u-max-w-none u-max-w-prose u-max-w-screen u-max-w-sm u-max-w-xl u-max-w-xs",
  "u-mx-": "u-m-xy u-mx-0 u-mx-1 u-mx-2 u-mx-3 u-mx-4 u-mx-5 u-mx-6 u-mx-8 u-mx-10",
  "u-object-": "u-object-b u-object-bc u-object-bl u-object-bottom u-object-bottom-center u-object-bottom-left u-object-bottom-right u-object-br u-object-c u-object-cb",
  "u-origin-": "u-origin-b u-origin-bc u-origin-bl u-origin-bottom u-origin-bottom-center u-origin-bottom-left u-origin-bottom-right u-origin-br u-origin-c u-origin-cb",
  "u-outline-": "u-outline-amber u-outline-auto u-outline-black u-outline-blue u-outline-bluegray u-outline-blueGray u-outline-coolgray u-outline-coolGray u-outline-current u-outline-cyan",
  "u-outline-offset-": "u-outline-offset-0 u-outline-offset-1 u-outline-offset-2 u-outline-offset-3 u-outline-offset-4 u-outline-offset-5 u-outline-offset-6 u-outline-offset-8 u-outline-offset-10 u-outline-offset-12",
  "u-placeholder-": "u-placeholder-.dark: u-placeholder-.light: u-placeholder-@dark: u-placeholder-@hover: u-placeholder-@light: u-placeholder-*: u-placeholder-accent-amber u-placeholder-accent-black u-placeholder-accent-blue u-placeholder-accent-bluegray",
  "u-rows-": "u-rows-0 u-rows-1 u-rows-2 u-rows-3 u-rows-4 u-rows-5 u-rows-6 u-rows-8 u-rows-10 u-rows-12",
  "u-scale-": "u-scale-0 u-scale-10 u-scale-20 u-scale-30 u-scale-40 u-scale-50 u-scale-60 u-scale-70 u-scale-80 u-scale-90",
  "u-scale-x-": "u-scale-x-0 u-scale-x-10 u-scale-x-20 u-scale-x-30 u-scale-x-40 u-scale-x-50 u-scale-x-60 u-scale-x-70 u-scale-x-80 u-scale-x-90",
  "u-scroll-": "u-scroll-auto u-scroll-block u-scroll-block-b u-scroll-block-b-lg u-scroll-block-b-none u-scroll-block-b-sm u-scroll-block-b-xl u-scroll-block-b-xs u-scroll-block-be u-scroll-block-be-lg",
  "u-scroll-m-": "u-scroll-m-b u-scroll-m-b-lg u-scroll-m-b-none u-scroll-m-b-sm u-scroll-m-b-xl u-scroll-m-b-xs u-scroll-m-be u-scroll-m-be-lg u-scroll-m-be-none u-scroll-m-be-sm",
  "u-shadow-": "u-shadow-amber u-shadow-black u-shadow-blue u-shadow-bluegray u-shadow-blueGray u-shadow-coolgray u-shadow-coolGray u-shadow-current u-shadow-cyan u-shadow-dark",
  "u-skew-x-": "u-skew-x-0 u-skew-x-10 u-skew-x-20 u-skew-x-30 u-skew-x-40 u-skew-x-50 u-skew-x-60 u-skew-x-70 u-skew-x-80 u-skew-x-90",
  "u-space-": "u-space-block u-space-block-lg u-space-block-none u-space-block-reverse u-space-block-sm u-space-block-xl u-space-block-xs u-space-inline u-space-inline-lg u-space-inline-none",
  "u-text-r": "u-text-red u-text-revert u-text-revert-layer u-text-right u-text-rose",
  "u-text-red-": "u-text-red-1 u-text-red-2 u-text-red-3 u-text-red-4 u-text-red-5 u-text-red-6 u-text-red-7 u-text-red-8 u-text-red-9 u-text-red-50",
  "u-touch-": "u-touch-auto u-touch-inherit u-touch-initial u-touch-manipulation u-touch-none u-touch-pan u-touch-pan-down u-touch-pan-left u-touch-pan-right u-touch-pan-up",
  "u-transform-scale-": "u-transform-scale-0 u-transform-scale-10 u-transform-scale-20 u-transform-scale-30 u-transform-scale-40 u-transform-scale-50 u-transform-scale-60 u-transform-scale-70 u-transform-scale-80 u-transform-scale-90",
  "u-transform-scale-x-": "u-transform-scale-x-0 u-transform-scale-x-10 u-transform-scale-x-20 u-transform-scale-x-30 u-transform-scale-x-40 u-transform-scale-x-50 u-transform-scale-x-60 u-transform-scale-x-70 u-transform-scale-x-80 u-transform-scale-x-90",
  "u-transform-scale-z-": "u-transform-scale-z-0 u-transform-scale-z-10 u-transform-scale-z-20 u-transform-scale-z-30 u-transform-scale-z-40 u-transform-scale-z-50 u-transform-scale-z-60 u-transform-scale-z-70 u-transform-scale-z-80 u-transform-scale-z-90",
  "u-transform-skew-x-": "u-transform-skew-x-0 u-transform-skew-x-10 u-transform-skew-x-20 u-transform-skew-x-30 u-transform-skew-x-40 u-transform-skew-x-50 u-transform-skew-x-60 u-transform-skew-x-70 u-transform-skew-x-80 u-transform-skew-x-90",
  "u-transform-skew-y-": "u-transform-skew-y-0 u-transform-skew-y-10 u-transform-skew-y-20 u-transform-skew-y-30 u-transform-skew-y-40 u-transform-skew-y-50 u-transform-skew-y-60 u-transform-skew-y-70 u-transform-skew-y-80 u-transform-skew-y-90",
  "u-transition-": "u-transition-all u-transition-colors u-transition-delay-none u-transition-discrete u-transition-duration-none u-transition-ease-DEFAULT u-transition-ease-in u-transition-ease-in-out u-transition-ease-linear u-transition-ease-out",
  "u-translate-": "u-translate-0 u-translate-10 u-translate-20 u-translate-30 u-translate-40 u-translate-50 u-translate-60 u-translate-70 u-translate-80 u-translate-90",
  "u-translate-x-": "u-translate-x-0 u-translate-x-10 u-translate-x-20 u-translate-x-30 u-translate-x-40 u-translate-x-50 u-translate-x-60 u-translate-x-70 u-translate-x-80 u-translate-x-90",
  "u-v-": "u-v-base u-v-baseline u-v-bottom u-v-btm u-v-end u-v-inherit u-v-initial u-v-mid u-v-middle u-v-revert",
  "u-w-": "u-w-auto u-w-full u-w-lg u-w-md u-w-none u-w-prose u-w-screen u-w-screen-lg u-w-screen-md u-w-screen-sm",
  "u-z-": "u-z-0 u-z-1 u-z-2 u-z-3 u-z-4 u-z-5 u-z-6 u-z-8 u-z-10 u-z-12",
}
`;

exports[`autocomplete with attributify prefix > should provide skip DEFAULT 1`] = `
[
  "u-text-red-1",
  "u-text-red-2",
  "u-text-red-3",
  "u-text-red-4",
  "u-text-red-5",
  "u-text-red-6",
  "u-text-red-7",
  "u-text-red-8",
  "u-text-red-9",
  "u-text-red-50",
  "u-text-red-100",
  "u-text-red-200",
  "u-text-red-300",
  "u-text-red-400",
  "u-text-red-500",
  "u-text-red-600",
  "u-text-red-700",
  "u-text-red-800",
  "u-text-red-900",
  "u-text-red-950",
]
`;
