// Vitest Snapshot v1, https://vitest.dev/guide/snapshot.html

exports[`variants > multiple handlers for single variant 1`] = `
"/* layer: default */
.prefix1 .pre\\:foo,
.prefix2 .pre\\:foo{name:bar;}"
`;

exports[`variants > noMerge on variant 1`] = `
"/* layer: default */
.foo,
.var-a\\:foo::a,
.var-b\\:foo::b{name:bar;}
.var-c\\:foo::c{name:bar;}"
`;

exports[`variants > noMerge variant with shortcut 1`] = `
"/* layer: shortcuts */
.bar::a,
.bar::b{name:bar;}
.bar::c{name:bar;}"
`;

exports[`variants > selector match can be ordered 1`] = `
"/* layer: default */
.override{name:bar;}"
`;

exports[`variants > selector section is merged in order 1`] = `
"/* layer: default */
.prefix .pre\\:back\\:foo::pseudo,
.prefix .replaced,
.prefix .replaced::pseudo,
.replaced::pseudo{name:bar;}"
`;

exports[`variants > variant can stack 1`] = `
"/* layer: default */
.append-one\\:append-two\\:append-three\\:foo > :append-three > :append-two > :append-one,
.append-one\\:prepend-three\\:prepend-two\\:foo > :append-one + :prepend-three + :prepend-two,
.prepend-one\\:prepend-two\\:prepend-three\\:foo + :prepend-one + :prepend-two + :prepend-three{name:bar;}"
`;

exports[`variants > variant context is propagated 1`] = `
"/* layer: default */
.foo{name:bar;}
/* layer: variant */
@supports{
:prefix > .selector::pseudo{name:bar !important;}
}"
`;
